data/runs/4184cfd3-9099-4dc6-8e8f-bcda090994cc/panel.csv
t,firm_id,price,cost,quantity,profit
0,0,3.0,1.0,2500.0,5000.0
1,0,3.024422950667176,1.024422950667176,2461.079597242999,4922.159194485998
2,0,2.9335556383546413,0.9335556383546412,2490.774382938566,4981.548765877132
3,0,2.935221368412246,0.9352213684122459,2478.8606735844055,4957.721347168811
4,0,3.057871171340842,1.057871171340842,2409.2058667469137,4818.411733493827
5,0,3.002284825550614,1.0022848255506138,2400.2322831767488,4800.4645663534975
6,0,3.004941240474668,1.0049412404746678,2402.5996689458784,4805.199337891757
7,0,2.9689943830087935,0.9689943830087935,2458.5195150467694,4917.039030093539
8,0,2.8964224307535877,0.896422430753588,2433.9849048940964,4867.969809788192
9,0,2.688635579612651,0.6886355796126507,2664.752987222288,5329.505974444576
10,0,2.695647082688062,0.695647082688062,2603.04340489099,5206.08680978198
11,0,2.751177451243941,0.7511774512439409,2546.724076076692,5093.448152153384
12,0,2.942494525968561,0.9424945259685612,2250.7445023260357,4501.489004652071
13,0,2.761388748977495,0.7613887489774948,2424.1929624425275,4848.385924885055
14,0,2.805486140070959,0.805486140070959,2339.6542208851024,4679.308441770205
15,0,2.889762598271763,0.8897625982717632,2178.59907105445,4357.198142108899
16,0,3.0298941650210844,1.0298941650210844,2084.059991473291,4168.119982946582
17,0,3.092478235485535,1.0924782354855347,1988.004293369886,3976.008586739772
18,0,3.1565364037920993,1.1565364037920993,1913.229766555376,3826.459533110752
19,0,3.1475904484992894,1.1475904484992896,1878.7315434798302,3757.46308695966
20,0,3.0186542535190592,1.0186542535190592,1993.7503038235188,3987.5006076470377
21,0,3.145315375248452,1.1453153752484522,1822.5665941943648,3645.133188388729
22,0,3.1352847207677694,1.1352847207677692,1858.3616863720454,3716.7233727440907
23,0,3.1663945787369148,1.166394578736915,1857.6528896604539,3715.3057793209073
24,0,3.3760009330080454,1.3760009330080456,1634.8742037727234,3269.7484075454463
25,0,3.45196492260662,1.4519649226066196,1612.1114599529963,3224.2229199059925
26,0,3.41854768114544,1.4185476811454396,1596.3463996943087,3192.6927993886175
27,0,3.141257715148048,1.1412577151480476,1829.0215145077584,3658.043029015517
28,0,3.143882074055458,1.1438820740554578,1832.924797111247,3665.849594222494
29,0,3.14156338803741,1.1415633880374099,1855.6398768794777,3711.2797537589554
30,0,3.040555153775374,1.040555153775374,1926.0741300554566,3852.1482601109133
31,0,3.1955567347295863,1.1955567347295863,1780.9420458625764,3561.8840917251528
32,0,3.088274549979711,1.0882745499797106,1877.3982753390185,3754.796550678037
33,0,3.0925122593718894,1.0925122593718892,1839.9383926290866,3679.876785258173
34,0,3.1713388846407384,1.1713388846407384,1764.6383968793034,3529.276793758607
35,0,3.2765318509351724,1.2765318509351726,1735.1292514131578,3470.258502826315
36,0,3.202348562160731,1.2023485621607308,1849.805117665776,3699.610235331552
37,0,3.1860123273826213,1.186012327382621,1968.0075838042599,3936.0151676085197
38,0,3.136470278635194,1.1364702786351941,1894.403348449758,3788.806696899516
39,0,3.1278112353059844,1.1278112353059844,1882.858323987463,3765.716647974926
40,0,2.9986698700413745,0.9986698700413748,1881.9202571644,3763.8405143287996
41,0,2.993228704194579,0.9932287041945789,1863.8367224274414,3727.6734448548827
42,0,2.9054173730981114,0.9054173730981114,1916.3316011084034,3832.663202216807
43,0,2.9960630184608315,0.9960630184608317,1853.21399336897,3706.4279867379396
44,0,2.9277913959183075,0.9277913959183076,1963.199487917046,3926.398975834092
45,0,2.911470692186636,0.9114706921866359,1996.2377515029823,3992.4755030059646
46,0,2.7693908631113238,0.7693908631113239,2162.9139229296543,4325.827845859309
47,0,2.746534576178673,0.7465345761786729,2220.0517963423945,4440.103592684789
48,0,2.6610773141208024,0.6610773141208023,2217.0366288164632,4434.0732576329265
49,0,2.830039250383592,0.8300392503835919,2066.6369255698346,4133.273851139669
50,0,2.6997192033967194,0.6997192033967193,2164.930288905283,4329.860577810566
51,0,2.577068130918957,0.5770681309189573,2287.6692486797588,4575.3384973595175
52,0,2.6246230589822357,0.6246230589822359,2269.744533707575,4539.489067415149
53,0,2.638344205552546,0.6383442055525461,2352.475445424368,4704.950890848736
54,0,2.9322986516486376,0.9322986516486377,2058.679017989665,4117.35803597933
55,0,2.818058022048363,0.8180580220483631,2226.4434947574427,4452.886989514885
56,0,2.8919033180545703,0.8919033180545702,2173.235977212199,4346.471954424398
57,0,2.870270142254439,0.870270142254439,2022.3762105497804,4044.7524210995607
58,0,2.9302807317818673,0.9302807317818673,1985.8480956318597,3971.6961912637194
59,0,3.0504279155069005,1.0504279155069007,1902.5779968981062,3805.155993796212
60,0,3.0999788164943576,1.0999788164943576,1872.9085940169227,3745.8171880338455
61,0,3.0675505377235783,1.0675505377235786,1905.3062098228265,3810.6124196456526
62,0,3.110514088379609,1.1105140883796092,1894.9954011592524,3789.990802318505
63,0,3.204315165998061,1.2043151659980607,1850.9646137905324,3701.929227581065
64,0,3.126887300666347,1.126887300666347,2026.2306208517423,4052.4612417034846
65,0,3.1816386194116726,1.1816386194116724,1978.0525212945008,3956.1050425890016
66,0,3.249391039427709,1.2493910394277088,1830.8985747539355,3661.797149507871
67,0,3.1092179185865128,1.109217918586513,1909.4984993928347,3818.996998785669
68,0,3.2812545764656234,1.2812545764656236,1762.827478654376,3525.6549573087514
69,0,3.3495034048064487,1.3495034048064487,1764.2240466940532,3528.4480933881064
70,0,3.2501370227217765,1.2501370227217765,1823.238374835836,3646.476749671672
71,0,3.381163896646047,1.381163896646047,1719.8592550932221,3439.7185101864443
72,0,3.4002685541370608,1.4002685541370608,1690.0004079178339,3380.0008158356677
73,0,3.289730037475865,1.2897300374758651,1770.1945188376708,3540.3890376753416
74,0,3.4095585132882085,1.4095585132882085,1711.3557293673798,3422.7114587347596
75,0,3.1861583523866095,1.1861583523866097,1975.3394393521828,3950.678878704365
76,0,3.215411655434509,1.215411655434509,2073.8088839408397,4147.617767881679
77,0,3.236669937289054,1.236669937289054,2148.8751611874122,4297.7503223748245
78,0,3.19881678359991,1.19881678359991,2216.9315864666005,4433.863172933201
79,0,3.1647420742080223,1.1647420742080223,2220.673735124752,4441.347470249504
80,0,3.1959563189436335,1.1959563189436335,2384.5620379377324,4769.124075875465
81,0,3.0476149480948944,1.0476149480948944,2557.113359376969,5114.226718753938
82,0,3.019997871426429,1.0199978714264288,2568.5377335593917,5137.075467118783
83,0,2.969457000637438,0.9694570006374381,2571.3918954868727,5142.7837909737445
84,0,2.962105329074869,0.9621053290748691,2608.680025139847,5217.3600502796935
85,0,3.016350540663658,1.0163505406636577,2612.2636033872227,5224.527206774445
86,0,3.20257865682395,1.2025786568239498,2514.598482024295,5029.19696404859
87,0,3.25539161004218,1.2553916100421798,2542.085639461284,5084.171278922568
88,0,3.241281497378517,1.241281497378517,2540.2935757723426,5080.587151544685
89,0,3.204426750121005,1.2044267501210053,2519.1981891906994,5038.396378381398
90,0,3.15247965601373,1.1524796560137303,2505.662877272411,5011.325754544821
91,0,3.1631577847512844,1.1631577847512844,2452.5078341265435,4905.015668253087
92,0,3.1005387181661503,1.1005387181661503,2548.5829812069333,5097.1659624138665
93,0,3.1222787026693695,1.1222787026693697,2486.490313033856,4972.9806260677115
94,0,3.147785510019264,1.1477855100192638,2372.944945237559,4745.889890475118
95,0,3.1022164203278972,1.1022164203278972,2583.482796057135,5166.96559211427
96,0,3.092918668636736,1.0929186686367358,2555.691234727604,5111.382469455208
97,0,3.1391961763289067,1.1391961763289067,2560.0292309062866,5120.058461812573
98,0,3.151271991339555,1.1512719913395546,2622.5725339790683,5245.145067958137
99,0,3.130928152491154,1.1309281524911539,2674.3186150231813,5348.637230046363
0,1,3.0,1.0,2500.0,5000.0
1,1,3.0678178320078855,1.0678178320078855,2408.2556136734866,4816.511227346973
2,1,2.868634010895749,0.868634010895749,2572.953531321609,5145.907062643218
3,1,2.889207145390432,0.8892071453904318,2536.5532221401636,5073.106444280327
4,1,2.9835272031582334,0.9835272031582334,2500.4461136606915,5000.892227321383
5,1,2.947858064752375,0.9478580647523753,2466.44760231692,4932.895204633839
6,1,2.8862412927823207,0.8862412927823207,2549.5103480546995,5099.020696109399
7,1,2.8508455863883846,0.8508455863883848,2608.130663734326,5216.261327468651
8,1,2.6940539975938385,0.6940539975938383,2693.1567251157353,5386.313450231471
9,1,2.72049186117641,0.7204918611764104,2622.6446703486295,5245.289340697258
10,1,2.721419368606031,0.7214193686060311,2569.715411274541,5139.430822549082
11,1,2.7610486253306923,0.7610486253306922,2534.1854658781635,5068.370931756327
12,1,2.6386470052566695,0.6386470052566696,2620.027494397943,5240.054988795886
13,1,2.6412440959887755,0.6412440959887756,2574.28286552166,5148.56573104332
14,1,2.6075080981672265,0.6075080981672267,2583.1050177099264,5166.210035419852
15,1,2.5177495595110484,0.5177495595110486,2623.9703242208325,5247.940648441664
16,1,2.5355067103253335,0.5355067103253336,2668.486979695078,5336.973959390156
17,1,2.478326999425402,0.47832699942540186,2702.580036732551,5405.160073465102
18,1,2.416611877037631,0.416611877037631,2769.744436073352,5539.488872146704
19,1,2.297184725453498,0.29718472545349794,2874.2727902434035,5748.545580486807
20,1,2.3204810699064753,0.3204810699064752,2826.683260971754,5653.366521943508
21,1,2.2085185475561273,0.20851854755612714,2911.4293265494343,5822.858653098869
22,1,2.226603253904436,0.22660325390443586,2927.1698046564898,5854.3396093129795
23,1,2.229089312125431,0.22908931212543104,2968.2318442723017,5936.463688544603
24,1,2.0935368079648473,0.09353680796484751,3104.3300410370143,6208.660082074028
25,1,2.1021110735564856,0.10211107355648565,3166.0087022435314,6332.017404487063
26,1,2.0007107056245403,0.0007107056245402588,3243.444899830916,6486.889799661832
27,1,2.0,0.0,3236.232970312965,6472.46594062593
28,1,2.0357764235112406,0.03577642351124069,3189.824074036247,6379.648148072493
29,1,2.02155653931442,0.02155653931442011,3248.6288273661644,6497.257654732329
30,1,2.0,0.0,3240.6093355453886,6481.218671090777
31,1,2.0,0.0,3237.8865931869605,6475.773186373921
32,1,2.0433569640359694,0.04335696403596938,3165.609826543511,6331.219653087022
33,1,2.0,0.0,3177.161596470972,6354.323192941944
34,1,2.0,0.0,3169.6311904898366,6339.262380979673
35,1,2.0986978488044015,0.09869784880440138,3126.7649513235842,6253.5299026471685
36,1,2.2265040290893343,0.22650402908933417,3013.1997628774666,6026.399525754933
37,1,2.406600740505122,0.406600740505122,2905.854356302536,5811.708712605072
38,1,2.2089594411611677,0.20895944116116774,3012.1657912382584,6024.331582476517
39,1,2.1465752963061786,0.1465752963061788,3075.3200490251124,6150.640098050224
40,1,2.0,0.0,3100.6991054725972,6201.3982109451945
41,1,2.0,0.0,3062.560924109516,6125.121848219032
42,1,2.0,0.0,3013.5579400788133,6027.115880157627
43,1,2.0,0.0,3049.4246536715605,6098.849307343121
44,1,2.0373157949231047,0.03731579492310446,3064.2821545451084,6128.564309090217
45,1,2.047625931599331,0.04762593159933108,3074.6364452100293,6149.2728904200585
46,1,2.104461907587755,0.10446190758775478,3015.9679659395365,6031.935931879073
47,1,2.160588963706232,0.1605889637062318,2975.7715012644962,5951.5430025289925
48,1,2.0200048920187244,0.020004892018724213,3054.780263948741,6109.560527897482
49,1,2.0,0.0,3129.7159123890774,6259.431824778155
50,1,2.0,0.0,3071.7510190498674,6143.502038099735
51,1,2.0,0.0,3052.825543226551,6105.651086453102
52,1,2.0,0.0,3101.7882947320104,6203.576589464021
53,1,2.1721513108519486,0.1721513108519485,2970.007868451952,5940.015736903904
54,1,2.146791690771617,0.14679169077161724,3049.013220919236,6098.026441838472
55,1,2.2325670164137548,0.23256701641375493,2983.6607009763293,5967.321401952658
56,1,2.2860843372714292,0.2860843372714291,2942.10932297996,5884.21864595992
57,1,2.0476179681654343,0.0476179681654344,3051.3961774190752,6102.7923548381505
58,1,2.0,0.0,3161.942142898561,6323.884285797122
59,1,2.0,0.0,3216.9180205138164,6433.836041027633
60,1,2.0,0.0,3246.1900897444825,6492.380179488965
61,1,2.0,0.0,3249.22986806051,6498.45973612102
62,1,2.029148490003933,0.029148490003933367,3254.0462139405663,6508.092427881132
63,1,2.105463491579093,0.10546349157909302,3206.3485082031075,6412.697016406214
64,1,2.250268011026245,0.2502680110262452,3140.82930460469,6281.658609209379
65,1,2.222055533161229,0.22205553316122895,3196.013745375001,6392.027490750002
66,1,2.0670432746203407,0.06704327462034082,3306.7993346827298,6613.598669365459
67,1,2.0209982383129597,0.02099823831295946,3290.207004029896,6580.414008059792
68,1,2.0,0.0,3345.266394998864,6690.532789997728
69,1,2.06673679848833,0.06673679848832996,3350.4486534614307,6700.8973069228605
70,1,2.05381439582358,0.05381439582357994,3316.0541274133448,6632.1082548266895
71,1,2.04003521672492,0.04003521672491967,3362.910431876358,6725.820863752716
72,1,2.0,0.0,3403.6999052326346,6807.399810465269
73,1,2.0183156191089004,0.018315619108900397,3342.7594461791905,6685.518892358381
74,1,2.0221055867832445,0.022105586783244584,3424.6947506322263,6849.3895012644525
75,1,2.159339440103705,0.15933944010370513,3300.7499748356377,6601.499949671275
76,1,2.380060658725668,0.3800606587256681,3148.9291900616568,6297.8583801233135
77,1,2.5047822089956755,0.5047822089956753,3098.4078678326964,6196.815735665393
78,1,2.5695773462407487,0.5695773462407488,3036.61616011129,6073.23232022258
79,1,2.5033753512924815,0.5033753512924817,3090.99793657386,6181.995873147719
80,1,2.7550190428296286,0.7550190428296286,2972.74008086368,5945.48016172736
81,1,2.8352753676197127,0.8352753676197127,2843.537337557105,5687.07467511421
82,1,2.849388874950783,0.8493888749507831,2797.262498819776,5594.524997639552
83,1,2.7820047022034915,0.7820047022034916,2824.0541520151187,5648.108304030237
84,1,2.7715868992152277,0.7715868992152277,2869.4017852253633,5738.8035704507265
85,1,2.8148855082515034,0.8148855082515033,2889.1133122024667,5778.226624404933
86,1,2.9547100353340263,0.9547100353340263,2846.3784082234356,5692.756816446871
87,1,3.0320937572428637,1.0320937572428635,2842.357428757982,5684.714857515964
88,1,3.039292924115385,1.0392929241153852,2810.2513900511753,5620.502780102351
89,1,2.92265197673743,0.92265197673743,2900.3402528904903,5800.680505780981
90,1,2.8293836744271017,0.8293836744271017,2944.97789752247,5889.95579504494
91,1,2.760757984343366,0.760757984343366,2999.0962911360907,5998.192582272181
92,1,2.8117548576324416,0.8117548576324415,2944.471785746035,5888.94357149207
93,1,2.7736490038075514,0.7736490038075514,2959.9934419381234,5919.986883876247
94,1,2.6165323251156525,0.6165323251156525,3094.908584365644,6189.817168731288
95,1,2.8242000815444284,0.8242000815444284,2968.7665958121756,5937.533191624351
96,1,2.7639106233888775,0.7639106233888774,3012.6700689829895,6025.340137965979
97,1,2.8070238851538325,0.8070238851538325,3022.562018799276,6045.124037598552
98,1,2.9215277289445476,0.9215277289445474,2941.8182731460747,5883.636546292149
99,1,2.9834792815025697,0.9834792815025699,2878.9310441950233,5757.862088390046
