data/runs/4184cfd3-9099-4dc6-8e8f-bcda090994cc/panel.csv
t,firm_id,price,cost,quantity,profit
0,2,3.0,1.0,2500.0,5000.0
1,2,2.941447061864793,0.941447061864793,2565.3323945417565,5130.664789083513
2,2,3.038609360063413,1.0386093600634132,2363.3185544182165,4726.637108836432
3,2,2.960249872412852,0.9602498724128519,2448.0328821352678,4896.0657642705355
4,2,2.948067484264083,0.9480674842640828,2545.1740097961974,5090.348019592395
5,2,2.868204930021618,0.8682049300216179,2566.660057253166,5133.320114506332
6,2,2.926759182075822,0.9267591820758221,2498.379634944722,4996.759269889444
7,2,3.080484482496021,1.0804844824960211,2325.219157484579,4650.438314969158
8,2,3.117106001736766,1.117106001736766,2179.7016448744334,4359.403289748867
9,2,3.21527801592603,1.2152780159260301,2047.8493552067944,4095.6987104135883
10,2,3.0102170807010746,1.0102170807010746,2224.197778943479,4448.395557886958
11,2,2.8930173048636245,0.8930173048636245,2372.3663819684516,4744.732763936903
12,2,2.7250882686919096,0.7250882686919096,2509.2005088780784,5018.401017756157
13,2,2.758875393706619,0.7588753937066193,2427.2413065141527,4854.4826130283045
14,2,2.6776078915030332,0.6776078915030331,2494.1357436950448,4988.2714873900895
15,2,2.55662387090505,0.5566238709050499,2573.4602805038853,5146.920561007771
16,2,2.603752860444148,0.6037528604441481,2578.9660491365535,5157.932098273107
17,2,2.550466601843996,0.5504666018439961,2606.835633165012,5213.671266330024
18,2,2.5840686709884633,0.584068670988463,2547.2813612979207,5094.5627225958415
19,2,2.6807077478817445,0.6807077478817445,2372.7228760333624,4745.445752066725
20,2,2.6874062157912277,0.6874062157912278,2352.883174232972,4705.766348465944
21,2,2.6330865456348707,0.6330865456348707,2354.574752706766,4709.149505413532
22,2,2.7199322600086466,0.7199322600086465,2287.298704314975,4574.59740862995
23,2,2.8227660389939766,0.8227660389939765,2205.8834217949434,4411.766843589887
24,2,2.8221913803290497,0.8221913803290496,2156.4657141532466,4312.931428306493
25,2,2.965655157034149,0.9656551570341492,2055.8711355599426,4111.742271119885
26,2,3.0527062300223804,1.0527062300223804,1916.7638006438608,3833.5276012877216
27,2,3.2893141909235446,1.2893141909235444,1698.5125448663107,3397.0250897326214
28,2,3.1941535831354524,1.1941535831354524,1787.4270548162588,3574.8541096325175
29,2,3.379987226540407,1.3799872265404072,1647.1024683881938,3294.2049367763875
30,2,3.4206523389544845,1.4206523389544845,1592.7071988537675,3185.414397707535
31,2,3.238299399556973,1.2382993995569729,1743.2847677635032,3486.5695355270063
32,2,3.1820735366218527,1.1820735366218527,1791.3820715739591,3582.7641431479183
33,2,3.1300372329685318,1.1300372329685318,1805.7384144289701,3611.4768288579403
34,2,3.027633005220556,1.0276330052205558,1896.0992221410236,3792.198444282047
35,2,2.981092490768482,0.9810924907684824,2011.3408459396728,4022.681691879345
36,2,2.926099644416151,0.926099644416151,2123.7953565792914,4247.590713158583
37,2,2.944785667487266,0.944785667487266,2220.2837035906696,4440.567407181339
38,2,2.948326314917998,0.9483263149179981,2081.2650690737246,4162.530138147449
39,2,3.040881019336345,1.0408810193363451,1966.501577962311,3933.003155924622
40,2,2.962064564160337,0.9620645641603367,1916.681531890405,3833.36306378081
41,2,2.8411975146244184,0.8411975146244185,2011.0414293535266,4022.082858707053
42,2,2.7641807486239576,0.7641807486239576,2056.5525187339704,4113.105037467941
43,2,2.7962402730713594,0.7962402730713591,2047.9366992879093,4095.8733985758186
44,2,2.984583741221809,0.9845837412218091,1908.2362029927374,3816.472405985475
45,2,3.058780502739947,1.058780502739947,1854.489358076959,3708.978716153918
46,2,3.131016022507117,1.1310160225071169,1805.1501451912725,3610.300290382545
47,2,3.134707406563615,1.134707406563615,1828.4052011286128,3656.8104022572256
48,2,3.223701850733117,1.2237018507331172,1673.4028432860546,3346.8056865721087
49,2,3.2515346717938964,1.2515346717938962,1673.931249652012,3347.862499304024
50,2,3.1931840947871786,1.1931840947871786,1691.567672994981,3383.135345989962
51,2,3.283795679711891,1.2837956797118908,1606.6796648671384,3213.359329734277
52,2,3.41776821417168,1.4177682141716799,1526.6788768284048,3053.3577536568096
53,2,3.279209562030035,1.2792095620300352,1707.5088176717277,3415.0176353434554
54,2,3.153318736003743,1.153318736003743,1843.2945401718628,3686.5890803437255
55,2,3.236379704890378,1.236379704890378,1806.2351032898991,3612.4702065797983
56,2,3.1163395730638817,1.1163395730638814,1942.5453768278815,3885.090753655763
57,2,3.021778958415883,1.0217789584158832,1874.8314346120685,3749.6628692241366
58,2,3.252599140818044,1.252599140818044,1690.2676185710181,3380.5352371420363
59,2,3.318896548306344,1.3188965483063437,1663.585962074261,3327.171924148522
60,2,3.3720317194729024,1.3720317194729021,1634.7112264941125,3269.422452988225
61,2,3.421541731802019,1.421541731802019,1596.234054056153,3192.468108112306
62,2,3.452803168880155,1.452803168880155,1596.9121709596147,3193.8243419192295
63,2,3.3321719766688593,1.3321719766688596,1736.3383698032528,3472.676739606505
64,2,3.4872883088020856,1.4872883088020856,1692.1107699388779,3384.2215398777557
65,2,3.5688023376221962,1.5688023376221962,1629.9199879554974,3259.839975910995
66,2,3.57540716291007,1.57540716291007,1555.5027558806046,3111.005511761209
67,2,3.5785640197596957,1.5785640197596957,1510.0874925473731,3020.1749850947463
68,2,3.5429233356559857,1.5429233356559855,1546.6397313478967,3093.2794626957934
69,2,3.6280226846743036,1.6280226846743033,1534.8786463830863,3069.7572927661727
70,2,3.5817664574923986,1.5817664574923986,1544.653370337475,3089.30674067495
71,2,3.5835726657501175,1.5835726657501175,1554.3198811540612,3108.6397623081225
72,2,3.6353325035177746,1.6353325035177746,1502.599781616898,3005.199563233796
73,2,3.5627848160901907,1.5627848160901907,1544.2865888039491,3088.5731776078983
74,2,3.7558793577511804,1.7558793577511804,1439.2547693681681,2878.5095387363363
75,2,3.8418784943966253,1.8418784943966255,1423.1606109765412,2846.321221953082
76,2,3.69907230958982,1.6990723095898201,1628.3327359358477,3256.6654718716954
77,2,3.7597920634000053,1.7597920634000053,1654.3091031471943,3308.6182062943885
78,2,3.7182698985895364,1.7182698985895362,1709.8360933108193,3419.6721866216385
79,2,3.823695881332319,1.8236958813323192,1597.330391727528,3194.6607834550555
80,2,3.908390556417857,1.908390556417857,1669.9578003349081,3339.9156006698163
81,2,3.799510187998248,1.7995101879982476,1755.8119655088212,3511.6239310176425
82,2,3.690472080988056,1.6904720809880558,1836.9372688010565,3673.874537602113
83,2,3.704563469025473,1.704563469025473,1780.4998004828906,3560.999600965781
84,2,3.8751956014591635,1.8751956014591635,1652.5164044094256,3305.032808818851
85,2,3.9849255069373237,1.9849255069373237,1609.5097722078447,3219.0195444156893
86,2,3.879420907186831,1.879420907186831,1792.6447015288354,3585.289403057671
87,2,3.9757902467989683,1.9757902467989683,1773.1995030227527,3546.3990060455053
88,2,3.8871754564484964,1.8871754564484964,1839.203644125306,3678.407288250612
89,2,4.014576101758253,2.014576101758253,1680.1213050283193,3360.2426100566395
90,2,4.044109865100929,2.0441098651009293,1604.3813276826497,3208.7626553652995
91,2,4.081774103833405,2.081774103833405,1549.2995836012747,3098.5991672025493
92,2,4.079073522794944,2.0790735227949444,1562.4734473009967,3124.9468946019933
93,2,4.012128779674304,2.012128779674304,1593.522803089896,3187.0456061797927
94,2,4.150602789586241,2.150602789586241,1437.2378860311542,2874.4757720623084
95,2,4.2177824916937645,2.217782491693765,1478.984012318514,2957.9680246370276
96,2,4.26970354886865,2.26970354886865,1418.968627306417,2837.937254612834
97,2,4.353664451144512,2.3536644511445126,1394.8467314951613,2789.693462990322
98,2,4.276949169251473,2.276949169251474,1493.7909197287825,2987.5818394575645
99,2,4.198946060053819,2.1989460600538195,1567.8192965867713,3135.6385931735417
